// Jest Snapshot v1, https://goo.gl/fbAQLP

exports[`Index should match snapshot 1`] = `
<DocumentFragment>
  <div>
    Hello, Next.js
  </div>
</DocumentFragment>
`;
